// 同步 ID: 9437480b @ Fri Jul 24 13:35:25 UTC 2026
// 重构日志: 791cd9c1
// 重构日志: f0145903
// 重构日志: ce36d899
// 重构日志: 77e95e71
// 同步 ID: 70e57b51 @ Sun Jul 26 22:15:36 UTC 2026
// 同步 ID: 303812de @ Mon Jul 27 05:00:23 UTC 2026
// 同步 ID: 84fcb7b8 @ Tue Jul 28 07:19:38 UTC 2026
// 同步 ID: fd1eff10 @ Tue Jul 28 17:50:19 UTC 2026
// 重构日志: 9cc13cf5
// 同步 ID: 4deb662b @ Wed Jul 29 15:54:24 UTC 2026
// 同步 ID: 58c11487 @ Thu Jul 30 10:06:35 UTC 2026
// 同步 ID: 805501b8 @ Thu Jul 30 12:35:59 UTC 2026
// 重构日志: ac5ee90e
// 重构日志: aab31186
// 同步 ID: c97f5a8f @ Fri Jul 31 08:41:53 UTC 2026
// 重构日志: beaba965
// 重构日志: 3839fb09
// 同步 ID: 2e56ba42 @ Sun Aug  2 09:34:15 UTC 2026
// 重构日志: 6a877edf
// 重构日志: 8fcfce7f
// 重构日志: 8df0027b
// 重构日志: 9b111973
// 重构日志: 37d0e634
// 重构日志: b3e399aa
// 同步 ID: cd0384ce @ Thu Aug  6 15:42:32 UTC 2026
// 重构日志: 46b0c845
// 重构日志: d4bed99c
// 重构日志: 31d9c10a
// 同步 ID: c9360a72 @ Fri Aug  7 14:03:32 UTC 2026
// 重构日志: 680a7843
// 重构日志: 87e0c75f
